## Analysis points (burst / sustained / retry)

| build | scenario | C | trials | admitted ok | rejected | other fail | ok rps | ok p50 | ok p95 | ok max | rej p50 | rej p95 | rej max | pre p50 | pre p95 | post p50 | post p95 | peak in-flight | att/admitted | rej→0 att | rej before 1st end | CPU ms/req | peak thr | RSS MB | fds | reconciled+joined |
|---|---|---|---|---|---|---|---|---|---|---|---|---|---|---|---|---|---|---|---|---|---|---|---|---|---|---|
| before | adm_burst_lat3s | 32 | 5 | 160 | 0 | 0 | 10.11 | 3134 | 3179 | 3196 | – | – | – | 96 | 140 | 29 | 47 | 32 | 1.00 | yes | – | 6.25 | 33 | 81 | 71 | True |
| before | adm_burst_lat3s | 40 | 5 | 200 | 0 | 0 | 12.47 | 3165 | 3217 | 3236 | – | – | – | 121 | 166 | 31 | 56 | 40 | 1.00 | yes | – | 6.35 | 41 | 83 | 87 | True |
| before | adm_burst_lat3s | 64 | 5 | 320 | 0 | 0 | 10.16 | 3266 | 6323 | 6354 | – | – | – | 147 | 3306 | 98 | 121 | 40 | 1.00 | yes | – | 6.16 | 41 | 86 | 112 | True |
| before | adm_burst_lat5s | 32 | 5 | 160 | 0 | 0 | 6.2 | 5127 | 5162 | 5180 | – | – | – | 93 | 126 | 16 | 40 | 32 | 1.00 | yes | – | 5.94 | 33 | 81 | 71 | True |
| before | adm_burst_lat5s | 40 | 5 | 200 | 0 | 0 | 7.68 | 5162 | 5206 | 5217 | – | – | – | 119 | 152 | 24 | 62 | 40 | 1.00 | yes | – | 6.10 | 41 | 84 | 87 | True |
| before | adm_burst_lat5s | 64 | 5 | 320 | 0 | 0 | 6.22 | 5266 | 10304 | 10328 | – | – | – | 158 | 5291 | 95 | 123 | 40 | 1.00 | yes | – | 6.06 | 41 | 87 | 112 | True |
| before | adm_retry_fail_always_sustained_3000ms | 64 | 3 | 0 | 0 | 291 | 0.0 | – | – | – | – | – | – | 195 | 6312 | 67 | 6004 | 40 | 2.00 | yes | – | 7.56 | 41 | 94 | 111 | True |
| before | adm_retry_fail_first_burst_3000ms | 64 | 5 | 320 | 0 | 0 | 5.21 | 6271 | 12279 | 12329 | – | – | – | 130 | 6268 | 77 | 126 | 40 | 2.00 | yes | – | 7.50 | 41 | 89 | 111 | True |
| before | adm_retry_fail_first_sustained_3000ms | 64 | 3 | 288 | 0 | 0 | 5.24 | 6357 | 12346 | 12373 | – | – | – | 135 | 6299 | 73 | 6006 | 40 | 2.00 | yes | – | 7.26 | 41 | 88 | 112 | True |
| before | adm_sustained_5000ms | 32 | 3 | 384 | 0 | 0 | 6.23 | 5102 | 5252 | 5355 | – | – | – | 68 | 120 | 28 | 136 | 32 | 1.00 | yes | – | 6.48 | 33 | 83 | 72 | True |
| before | adm_sustained_5000ms | 40 | 3 | 480 | 0 | 0 | 7.73 | 5137 | 5299 | 5362 | – | – | – | 92 | 150 | 36 | 151 | 40 | 1.00 | yes | – | 6.54 | 41 | 87 | 88 | True |
| before | adm_sustained_5000ms | 64 | 3 | 532 | 0 | 0 | 6.93 | 9678 | 10386 | 15379 | – | – | – | 142 | 5295 | 103 | 5120 | 40 | 1.00 | yes | – | 5.58 | 41 | 90 | 112 | True |
| before | adm_sustained_5000ms_nobackoff | 64 | 3 | 525 | 0 | 0 | 6.86 | 9615 | 10399 | 15429 | – | – | – | 172 | 5294 | 98 | 5111 | 40 | 1.00 | yes | – | 5.68 | 41 | 86 | 113 | True |
| after | adm_burst_lat3s | 32 | 5 | 160 | 0 | 0 | 10.14 | 3129 | 3170 | 3182 | – | – | – | 98 | 136 | 22 | 42 | 32 | 1.00 | yes | – | 5.94 | 33 | 81 | 71 | True |
| after | adm_burst_lat3s | 40 | 5 | 160 | 40 | 0 | 10.0 | 3150 | 3270 | 3285 | 61.7 | 175.0 | 177.3 | 119 | 227 | 21 | 50 | 32 | 1.00 | yes | yes | 6.10 | 33 | 82 | 79 | True |
| after | adm_burst_lat3s | 64 | 5 | 160 | 160 | 0 | 10.03 | 3142 | 3211 | 3225 | 64.4 | 141.6 | 191.1 | 130 | 198 | 7 | 23 | 32 | 1.00 | yes | yes | 3.91 | 33 | 83 | 103 | True |
| after | adm_burst_lat5s | 32 | 5 | 160 | 0 | 0 | 6.11 | 5191 | 5275 | 5293 | – | – | – | 143 | 219 | 29 | 56 | 32 | 1.00 | yes | – | 8.88 | 33 | 81 | 71 | True |
| after | adm_burst_lat5s | 40 | 5 | 160 | 40 | 0 | 6.09 | 5195 | 5302 | 5322 | 55.7 | 181.2 | 199.1 | 157 | 272 | 25 | 52 | 32 | 1.00 | yes | yes | 7.75 | 33 | 82 | 79 | True |
| after | adm_burst_lat5s | 64 | 5 | 160 | 160 | 0 | 6.09 | 5177 | 5272 | 5311 | 98.6 | 171.8 | 176.3 | 165 | 252 | 8 | 30 | 32 | 1.00 | yes | yes | 4.88 | 33 | 83 | 104 | True |
| after | adm_retry_fail_always_sustained_3000ms | 64 | 3 | 0 | 4565 | 195 | 0.0 | – | – | – | 1.4 | 7.4 | 176.8 | 104 | 194 | 11 | 216 | 32 | 2.00 | yes | – | 1.28 | 33 | 85 | 105 | True |
| after | adm_retry_fail_first_burst_3000ms | 64 | 5 | 160 | 160 | 0 | 5.1 | 6224 | 6304 | 6323 | 92.0 | 235.1 | 254.6 | 185 | 253 | 7 | 30 | 32 | 2.00 | yes | yes | 6.22 | 33 | 83 | 104 | True |
| after | adm_retry_fail_first_sustained_3000ms | 64 | 3 | 193 | 4561 | 0 | 4.61 | 6159 | 6415 | 6454 | 1.4 | 10.8 | 157.3 | 141 | 188 | 8 | 165 | 32 | 2.00 | yes | – | 1.22 | 33 | 84 | 106 | True |
| after | adm_sustained_5000ms | 32 | 3 | 384 | 0 | 0 | 6.15 | 5159 | 5355 | 5460 | – | – | – | 111 | 168 | 47 | 193 | 32 | 1.00 | yes | – | 8.57 | 33 | 84 | 74 | True |
| after | adm_sustained_5000ms | 40 | 3 | 384 | 1889 | 0 | 6.16 | 5144 | 5336 | 5421 | 1.5 | 3.4 | 177.5 | 95 | 223 | 34 | 153 | 32 | 1.00 | yes | – | 2.49 | 33 | 85 | 81 | True |
| after | adm_sustained_5000ms | 64 | 3 | 416 | 7667 | 0 | 6.21 | 5074 | 5312 | 5416 | 1.4 | 10.7 | 179.9 | 58 | 191 | 9 | 129 | 32 | 1.00 | yes | – | 1.29 | 33 | 85 | 105 | True |
| after | adm_sustained_5000ms_nobackoff | 64 | 3 | 384 | 116648 | 0 | 6.18 | 5178 | 5316 | 5339 | 15.1 | 17.8 | 216.6 | 114 | 198 | 49 | 122 | 32 | 1.00 | yes | – | 0.51 | 33 | 83 | 105 | True |

## /health probes under load

| build | scenario | C | probes | non-200 | p50 | p95 | max | probe-time provider in-flight | load ok | load rejected | load rej p50 | load rej p95 | load rej max | load post p50 | load post p95 | load peak in-flight | CPU s | peak thr |
|---|---|---|---|---|---|---|---|---|---|---|---|---|---|---|---|---|---|---|
| before | adm_health_5000ms_nobackoff | 0 | 40 | 0 | 1.6 | 1.9 | 2.7 | {'0': 40} | 0 | 0 | – | – | – | – | – | – | – | 2 |
| before | adm_health_5000ms_nobackoff | 64 | 40 | 0 | 222.3 | 4685.3 | 4775.2 | {'18': 1, '34': 1, '37': 3, '38': 5, '39': 10, '40': 20} | 839 | 0 | – | – | – | 146 | 4812 | 40 | 4.01 | 41 |
| before | adm_health_lat3s | 0 | 40 | 0 | 1.5 | 1.9 | 2.1 | {'0': 40} | 0 | 0 | – | – | – | – | – | – | – | 2 |
| before | adm_health_lat3s | 32 | 40 | 0 | 1.6 | 3.9 | 7.4 | {'20': 1, '29': 1, '31': 4, '32': 34} | 224 | 0 | – | – | – | 2 | 25 | 32 | 1.14 | 34 |
| before | adm_health_lat3s | 40 | 40 | 0 | 36.7 | 2160.9 | 2483.9 | {'9': 1, '20': 1, '29': 1, '38': 2, '39': 14, '40': 21} | 521 | 0 | – | – | – | 3 | 93 | 40 | 2.8 | 41 |
| before | adm_health_lat3s | 64 | 40 | 0 | 350.2 | 2683.8 | 2800.0 | {'1': 1, '9': 1, '27': 1, '38': 4, '39': 16, '40': 17} | 784 | 0 | – | – | – | 228 | 2719 | 40 | 4.03 | 41 |
| before | adm_health_lat5s | 0 | 40 | 0 | 1.4 | 1.6 | 1.6 | {'0': 40} | 0 | 0 | – | – | – | – | – | – | – | 2 |
| before | adm_health_lat5s | 32 | 40 | 0 | 1.4 | 1.8 | 16.8 | {'25': 1, '26': 1, '31': 1, '32': 37} | 128 | 0 | – | – | – | 4 | 26 | 32 | 0.66 | 34 |
| before | adm_health_lat5s | 40 | 40 | 0 | 20.2 | 4582.2 | 4671.6 | {'18': 1, '38': 2, '39': 14, '40': 23} | 679 | 0 | – | – | – | 2 | 58 | 40 | 3.1 | 41 |
| before | adm_health_lat5s | 64 | 40 | 0 | 410.5 | 4645.8 | 4884.0 | {'9': 1, '13': 1, '15': 1, '23': 1, '38': 3, '39': 16, '40': 17} | 711 | 0 | – | – | – | 309 | 4777 | 40 | 3.75 | 41 |
| after | adm_health_5000ms_nobackoff | 0 | 40 | 0 | 1.8 | 2.2 | 2.4 | {'0': 40} | 0 | 0 | – | – | – | – | – | – | – | 2 |
| after | adm_health_5000ms_nobackoff | 64 | 40 | 0 | 70.8 | 155.4 | 222.1 | {'9': 1, '24': 1, '26': 1, '27': 1, '31': 1, '32': 35} | 160 | 39377 | 15.4 | 18.5 | 176.1 | 46 | 128 | 32 | 20.6 | 34 |
| after | adm_health_lat3s | 0 | 40 | 0 | 1.8 | 2.2 | 2.5 | {'0': 40} | 0 | 0 | – | – | – | – | – | – | – | 2 |
| after | adm_health_lat3s | 32 | 40 | 0 | 1.9 | 3.6 | 15.2 | {'16': 1, '27': 1, '31': 2, '32': 36} | 224 | 0 | – | – | – | 4 | 53 | 32 | 1.74 | 34 |
| after | adm_health_lat3s | 40 | 40 | 0 | 1.9 | 27.8 | 32.6 | {'7': 1, '16': 1, '17': 1, '25': 1, '32': 36} | 213 | 606 | 1.5 | 6.3 | 58.9 | 27 | 153 | 32 | 2.58 | 34 |
| after | adm_health_lat3s | 64 | 40 | 0 | 1.8 | 6.7 | 118.9 | {'4': 1, '12': 1, '32': 38} | 197 | 2306 | 1.4 | 13.9 | 238.2 | 5 | 146 | 32 | 3.73 | 34 |
| after | adm_health_lat5s | 0 | 40 | 0 | 1.9 | 2.5 | 3.2 | {'0': 40} | 0 | 0 | – | – | – | – | – | – | – | 2 |
| after | adm_health_lat5s | 32 | 40 | 0 | 1.9 | 4.3 | 17.4 | {'23': 1, '29': 1, '30': 1, '32': 37} | 128 | 0 | – | – | – | 8 | 37 | 32 | 1.09 | 34 |
| after | adm_health_lat5s | 40 | 40 | 0 | 2.0 | 3.5 | 30.0 | {'3': 1, '5': 1, '32': 38} | 131 | 635 | 1.5 | 2.8 | 76.8 | 44 | 166 | 32 | 1.99 | 34 |
| after | adm_health_lat5s | 64 | 40 | 0 | 1.8 | 3.9 | 167.7 | {'9': 1, '30': 1, '32': 38} | 137 | 2556 | 1.4 | 10.6 | 165.3 | 13 | 211 | 32 | 3.63 | 34 |
