== SCALE-003 A: slow-provider saturation
    sat_lat1s C=1 trial=1 n=16 fail=0 wall=16.29s rps=1.0 p50=1014.11 p95=1028.03 thr_peak=2 prov_peak=1 att=16
    sat_lat1s C=1 trial=2 n=16 fail=0 wall=16.27s rps=1.0 p50=1015.8 p95=1025.7 thr_peak=2 prov_peak=1 att=16
    sat_lat1s C=1 trial=3 n=16 fail=0 wall=16.26s rps=1.0 p50=1017.53 p95=1025.16 thr_peak=2 prov_peak=1 att=16
    sat_lat1s C=16 trial=1 n=64 fail=0 wall=4.20s rps=15.2 p50=1041.32 p95=1089.59 thr_peak=17 prov_peak=16 att=64
    sat_lat1s C=16 trial=2 n=64 fail=0 wall=4.20s rps=15.2 p50=1031.22 p95=1085.97 thr_peak=17 prov_peak=16 att=64
    sat_lat1s C=16 trial=3 n=64 fail=0 wall=4.24s rps=15.1 p50=1044.3 p95=1105.73 thr_peak=17 prov_peak=16 att=64
    sat_lat1s C=32 trial=1 n=128 fail=0 wall=4.49s rps=28.5 p50=1100.99 p95=1195.77 thr_peak=33 prov_peak=32 att=128
    sat_lat1s C=32 trial=2 n=128 fail=0 wall=4.45s rps=28.8 p50=1082.18 p95=1217.77 thr_peak=33 prov_peak=32 att=128
    sat_lat1s C=32 trial=3 n=128 fail=0 wall=4.49s rps=28.5 p50=1099.17 p95=1199.79 thr_peak=33 prov_peak=32 att=128
    sat_lat1s C=40 trial=1 n=160 fail=0 wall=4.63s rps=34.5 p50=1125.89 p95=1260.9 thr_peak=41 prov_peak=40 att=160
    sat_lat1s C=40 trial=2 n=160 fail=0 wall=4.69s rps=34.1 p50=1146.07 p95=1267.12 thr_peak=41 prov_peak=40 att=160
    sat_lat1s C=40 trial=3 n=160 fail=0 wall=4.61s rps=34.7 p50=1117.38 p95=1248.47 thr_peak=41 prov_peak=40 att=160
    sat_lat1s C=48 trial=1 n=192 fail=0 wall=5.70s rps=33.7 p50=1185.66 p95=2227.83 thr_peak=41 prov_peak=40 att=192
    sat_lat1s C=48 trial=2 n=192 fail=0 wall=5.63s rps=34.1 p50=1160.84 p95=2179.54 thr_peak=41 prov_peak=40 att=192
    sat_lat1s C=48 trial=3 n=192 fail=0 wall=5.69s rps=33.7 p50=1164.89 p95=2266.95 thr_peak=41 prov_peak=40 att=192
    sat_lat1s C=64 trial=1 n=256 fail=0 wall=7.59s rps=33.7 p50=1539.36 p95=2357.74 thr_peak=41 prov_peak=40 att=256
    sat_lat1s C=64 trial=2 n=256 fail=0 wall=7.64s rps=33.5 p50=1623.07 p95=2341.28 thr_peak=41 prov_peak=40 att=256
    sat_lat1s C=64 trial=3 n=256 fail=0 wall=7.59s rps=33.7 p50=1659.27 p95=2381.71 thr_peak=41 prov_peak=40 att=256
  done sat_lat1s: ladder=[1, 16, 32, 40, 48, 64] stopped_by=None
    sat_lat3s C=16 trial=1 n=64 fail=0 wall=12.18s rps=5.3 p50=3030.3 p95=3092.97 thr_peak=17 prov_peak=16 att=64
    sat_lat3s C=16 trial=2 n=64 fail=0 wall=12.21s rps=5.2 p50=3041.63 p95=3085.56 thr_peak=17 prov_peak=16 att=64
    sat_lat3s C=16 trial=3 n=64 fail=0 wall=12.19s rps=5.2 p50=3030.24 p95=3094.94 thr_peak=17 prov_peak=16 att=64
    WARNING: host suspend suspected (skew 933.3s) {'experiment': 'saturation', 'scenario': 'sat_lat3s', 'workload_id': 'normal', 'concurrency': 32} trial 1; trial is invalid
    sat_lat3s C=32 trial=1 n=128 fail=0 wall=12.52s rps=10.2 p50=3108.68 p95=3201.86 thr_peak=33 prov_peak=32 att=128
    sat_lat3s C=32 trial=2 n=128 fail=0 wall=12.60s rps=10.2 p50=3132.63 p95=3220.67 thr_peak=33 prov_peak=32 att=128
    sat_lat3s C=32 trial=3 n=128 fail=0 wall=12.51s rps=10.2 p50=3103.03 p95=3212.07 thr_peak=33 prov_peak=32 att=128
    sat_lat3s C=40 trial=1 n=160 fail=0 wall=12.68s rps=12.6 p50=3121.7 p95=3294.44 thr_peak=41 prov_peak=40 att=160
    sat_lat3s C=40 trial=2 n=160 fail=0 wall=12.68s rps=12.6 p50=3129.52 p95=3267.52 thr_peak=41 prov_peak=40 att=160
    WARNING: host suspend suspected (skew 3338.8s) {'experiment': 'saturation', 'scenario': 'sat_lat3s', 'workload_id': 'normal', 'concurrency': 40} trial 3; trial is invalid
    sat_lat3s C=40 trial=3 n=160 fail=0 wall=12.78s rps=12.5 p50=3149.01 p95=3340.3 thr_peak=41 prov_peak=40 att=160
    sat_lat3s C=48 trial=1 n=192 fail=0 wall=15.73s rps=12.2 p50=3185.96 p95=6128.94 thr_peak=42 prov_peak=40 att=192
    sat_lat3s C=48 trial=2 n=192 fail=0 wall=15.67s rps=12.3 p50=3157.75 p95=6225.8 thr_peak=41 prov_peak=40 att=192
    sat_lat3s C=48 trial=3 n=192 fail=0 wall=15.58s rps=12.3 p50=3146.63 p95=6172.25 thr_peak=41 prov_peak=40 att=192
    sat_lat3s C=64 trial=1 n=256 fail=0 wall=21.49s rps=11.9 p50=5603.24 p95=6369.82 thr_peak=41 prov_peak=40 att=256
    sat_lat3s C=64 trial=2 n=256 fail=0 wall=21.53s rps=11.9 p50=5643.72 p95=6375.91 thr_peak=41 prov_peak=40 att=256
    sat_lat3s C=64 trial=3 n=256 fail=0 wall=21.53s rps=11.9 p50=5599.43 p95=6336.47 thr_peak=41 prov_peak=40 att=256
  done sat_lat3s: ladder=[16, 32, 40, 48, 64] stopped_by=None
    sat_lat5s C=16 trial=1 n=64 fail=0 wall=20.23s rps=3.2 p50=5041.03 p95=5111.76 thr_peak=17 prov_peak=16 att=64
    sat_lat5s C=16 trial=2 n=64 fail=0 wall=20.21s rps=3.2 p50=5033.17 p95=5111.73 thr_peak=17 prov_peak=16 att=64
    sat_lat5s C=16 trial=3 n=64 fail=0 wall=20.21s rps=3.2 p50=5038.07 p95=5095.87 thr_peak=17 prov_peak=16 att=64
    sat_lat5s C=32 trial=1 n=128 fail=0 wall=20.54s rps=6.2 p50=5109.08 p95=5230.17 thr_peak=33 prov_peak=32 att=128
    sat_lat5s C=32 trial=2 n=128 fail=0 wall=20.54s rps=6.2 p50=5104.64 p95=5228.41 thr_peak=33 prov_peak=32 att=128
    sat_lat5s C=32 trial=3 n=128 fail=0 wall=20.51s rps=6.2 p50=5086.27 p95=5233.79 thr_peak=33 prov_peak=32 att=128
    sat_lat5s C=40 trial=1 n=160 fail=0 wall=20.72s rps=7.7 p50=5156.07 p95=5289.6 thr_peak=41 prov_peak=40 att=160
    sat_lat5s C=40 trial=2 n=160 fail=0 wall=20.62s rps=7.8 p50=5111.48 p95=5278.52 thr_peak=41 prov_peak=40 att=160
    sat_lat5s C=40 trial=3 n=160 fail=0 wall=20.58s rps=7.8 p50=5092.1 p95=5285.09 thr_peak=41 prov_peak=40 att=160
    sat_lat5s C=48 trial=1 n=192 fail=0 wall=25.61s rps=7.5 p50=5149.23 p95=10154.99 thr_peak=43 prov_peak=40 att=192
    sat_lat5s C=48 trial=2 n=192 fail=0 wall=25.79s rps=7.4 p50=5194.01 p95=10164.78 thr_peak=41 prov_peak=40 att=192
    sat_lat5s C=48 trial=3 n=192 fail=0 wall=25.73s rps=7.5 p50=5180.54 p95=10263.28 thr_peak=41 prov_peak=40 att=192
    sat_lat5s C=64 trial=1 n=256 fail=0 wall=35.38s rps=7.2 p50=9717.48 p95=10308.77 thr_peak=41 prov_peak=40 att=256
    sat_lat5s C=64 trial=2 n=256 fail=0 wall=35.35s rps=7.2 p50=9672.97 p95=10343.71 thr_peak=41 prov_peak=40 att=256
    sat_lat5s C=64 trial=3 n=256 fail=0 wall=35.38s rps=7.2 p50=9891.05 p95=10273.89 thr_peak=41 prov_peak=40 att=256
  done sat_lat5s: ladder=[16, 32, 40, 48, 64] stopped_by=None
== SCALE-003 B: /health under saturation
  health_lat3s idle: probes=40 non200=0 p50=1.9 p95=3.02 max=3.23
    health_lat3s C=32: probes=40 non200=0 p50=1.63 p95=3.17 max=7.07 load_reqs=224 load_fail=0 thr_peak=34 prov_peak=32
    health_lat3s C=40: probes=40 non200=0 p50=30.51 p95=2426.21 max=2608.66 load_reqs=600 load_fail=0 thr_peak=41 prov_peak=40
    health_lat3s C=64: probes=40 non200=0 p50=454.71 p95=2768.4 max=2865.73 load_reqs=784 load_fail=0 thr_peak=41 prov_peak=40
  done health_lat3s: ladder=[32, 40, 64] stopped_by=None
  health_lat5s idle: probes=40 non200=0 p50=1.81 p95=2.99 max=3.09
    health_lat5s C=32: probes=40 non200=0 p50=2.22 p95=3.05 max=10.81 load_reqs=160 load_fail=0 thr_peak=34 prov_peak=32
    health_lat5s C=40: probes=40 non200=0 p50=43.23 p95=4379.19 max=4549.29 load_reqs=587 load_fail=0 thr_peak=41 prov_peak=40
    health_lat5s C=64: probes=40 non200=0 p50=295.42 p95=4696.32 max=4884.75 load_reqs=817 load_fail=0 thr_peak=41 prov_peak=40
  done health_lat5s: ladder=[32, 40, 64] stopped_by=None
== SCALE-003 C: retry under saturation
    retry_sat_fail_first_3000ms C=32 trial=1 n=128 fail=0 wall=24.47s rps=5.2 p50=6073.09 p95=6224.74 thr_peak=33 prov_peak=32 att=256
    retry_sat_fail_first_3000ms C=32 trial=2 n=128 fail=0 wall=24.52s rps=5.2 p50=6088.06 p95=6249.15 thr_peak=33 prov_peak=32 att=256
    retry_sat_fail_first_3000ms C=32 trial=3 n=128 fail=0 wall=24.39s rps=5.2 p50=6044.37 p95=6201.48 thr_peak=33 prov_peak=32 att=256
    retry_sat_fail_first_3000ms C=40 trial=1 n=160 fail=0 wall=24.49s rps=6.5 p50=6066.18 p95=6248.82 thr_peak=41 prov_peak=40 att=320
    retry_sat_fail_first_3000ms C=40 trial=2 n=160 fail=0 wall=24.58s rps=6.5 p50=6078.54 p95=6295.31 thr_peak=41 prov_peak=40 att=320
    retry_sat_fail_first_3000ms C=40 trial=3 n=160 fail=0 wall=24.67s rps=6.5 p50=6108.2 p95=6303.07 thr_peak=41 prov_peak=40 att=320
    retry_sat_fail_first_3000ms C=64 trial=1 n=256 fail=0 wall=42.37s rps=6.0 p50=11722.94 p95=12354.12 thr_peak=41 prov_peak=40 att=512
    retry_sat_fail_first_3000ms C=64 trial=2 n=256 fail=0 wall=42.37s rps=6.0 p50=11690.45 p95=12344.28 thr_peak=41 prov_peak=40 att=512
    WARNING: host suspend suspected (skew -1.1s) {'experiment': 'retry_sat', 'scenario': 'retry_sat_fail_first_3000ms', 'workload_id': 'normal', 'concurrency': 64} trial 3; trial is invalid
    retry_sat_fail_first_3000ms C=64 trial=3 n=256 fail=0 wall=42.34s rps=6.0 p50=11696.4 p95=12314.29 thr_peak=41 prov_peak=40 att=512
  done retry_sat_fail_first_3000ms: ladder=[32, 40, 64] stopped_by=None
    retry_sat_fail_always_3000ms C=64 trial=1 n=128 fail=128 wall=24.27s rps=5.3 p50=11668.79 p95=12408.41 thr_peak=41 prov_peak=40 att=256
    retry_sat_fail_always_3000ms C=64 trial=2 n=128 fail=128 wall=24.12s rps=5.3 p50=11768.59 p95=12298.72 thr_peak=41 prov_peak=40 att=256
    retry_sat_fail_always_3000ms C=64 trial=3 n=128 fail=128 wall=24.15s rps=5.3 p50=11839.64 p95=12265.87 thr_peak=41 prov_peak=40 att=256
  done retry_sat_fail_always_3000ms: ladder=[64] stopped_by=None
experiment	scenario	workload	C	reqs	ok	fail	rps(mean)	p50ms	p95ms	maxms	prov_att	peak_inflt	thr_peak
retry_sat	retry_sat_fail_always_3000ms	normal	64	384	0	384	0.0	11773.28	12373.71	18230.2	768	40	41
retry_sat	retry_sat_fail_first_3000ms	normal	32	384	384	0	5.23	6069.79	6225.06	6285.09	768	32	33
retry_sat	retry_sat_fail_first_3000ms	normal	40	480	480	0	6.51	6081.6	6285.65	6347.6	960	40	41
retry_sat	retry_sat_fail_first_3000ms	normal	64	768	768	0	6.04	11707.11	12339.4	18255.74	1536	40	41
saturation	sat_lat1s	normal	1	48	48	0	0.98	1016.79	1025.52	1028.03	48	1	2
saturation	sat_lat1s	normal	16	192	192	0	15.19	1040.14	1098.47	1110.29	192	16	17
saturation	sat_lat1s	normal	32	384	384	0	28.6	1096.13	1198.73	1250.66	384	32	33
saturation	sat_lat1s	normal	40	480	480	0	34.46	1131.87	1261.78	1341.87	480	40	41
saturation	sat_lat1s	normal	48	576	576	0	33.83	1171.35	2183.43	3048.32	576	40	41
saturation	sat_lat1s	normal	64	768	768	0	33.66	1614.52	2365.79	3441.25	768	40	41
saturation	sat_lat3s	normal	16	192	192	0	5.25	3035.76	3094.48	3107.44	192	16	17
saturation	sat_lat3s	normal	32	384	384	0	10.2	3116.24	3212.73	3271.71	384	32	33
saturation	sat_lat3s	normal	40	480	480	0	12.58	3134.32	3309.28	3388.59	480	40	41
saturation	sat_lat3s	normal	48	576	576	0	12.27	3161.16	6149.69	6397.71	576	40	42
saturation	sat_lat3s	normal	64	768	768	0	11.9	5617.69	6366.07	9409.95	768	40	41
saturation	sat_lat5s	normal	16	192	192	0	3.17	5037.99	5111.35	5128.15	192	16	17
saturation	sat_lat5s	normal	32	384	384	0	6.23	5100.73	5230.17	5272.26	384	32	33
saturation	sat_lat5s	normal	40	480	480	0	7.75	5124.11	5286.4	5328.45	480	40	41
saturation	sat_lat5s	normal	48	576	576	0	7.47	5176.71	10171.72	15124.19	576	40	43
saturation	sat_lat5s	normal	64	768	768	0	7.24	9731.12	10335.55	15303.13	768	40	41
health health_lat3s C=0: all n=40 p50=1.9 p95=3.02 max=3.23 status={'200': 40} | at-40 n=0 p50=None p95=None
health health_lat3s C=32: all n=40 p50=1.63 p95=3.17 max=7.07 status={'200': 40} | at-40 n=0 p50=None p95=None
health health_lat3s C=40: all n=40 p50=30.51 p95=2426.21 max=2608.66 status={'200': 40} | at-40 n=24 p50=2007.25 p95=2468.4
health health_lat3s C=64: all n=40 p50=454.71 p95=2768.4 max=2865.73 status={'200': 40} | at-40 n=17 p50=2400.57 p95=2865.73
health health_lat5s C=0: all n=40 p50=1.81 p95=2.99 max=3.09 status={'200': 40} | at-40 n=0 p50=None p95=None
health health_lat5s C=32: all n=40 p50=2.22 p95=3.05 max=10.81 status={'200': 40} | at-40 n=0 p50=None p95=None
health health_lat5s C=40: all n=40 p50=43.23 p95=4379.19 max=4549.29 status={'200': 40} | at-40 n=24 p50=3852.85 p95=4490.69
health health_lat5s C=64: all n=40 p50=295.42 p95=4696.32 max=4884.75 status={'200': 40} | at-40 n=18 p50=4482.61 p95=4884.75

results: /home/akshay/dev/projects/quotecheck-v0/benchmarks/results/SCALE-003-saturation
